module TS1 where

type Name = String

count :: Name -> Int
count s = length s